// Jest Snapshot v1, https://goo.gl/fbAQLP

exports[`updateTodo updateTodo 1`] = `
Object {
  "editTargetId": undefined,
  "errorMessage": undefined,
  "loading": Object {
    "add": false,
    "all": false,
    "ids": Array [
      "id1",
    ],
  },
  "todoList": Array [
    Object {
      "id": "id0",
      "label": "old label 0",
      "status": "active",
    },
    Object {
      "id": "id1",
      "label": "NEW LABEL 1",
      "status": "completed",
    },
  ],
  "visibilityFilter": "all",
}
`;
